[2026-07-19T17:58:58.775Z] {"timestamp":1784483936763,"level":"DEBUG","args":["[Manus] Debug collector initialized (no rrweb, UI events only)"],"stack":null}
[2026-07-19T17:58:58.775Z] {"timestamp":1784483936930,"level":"DEBUG","args":["[vite] connected."],"stack":null}
[2026-07-19T18:01:22.185Z] {"timestamp":1784484080177,"level":"DEBUG","args":["[Manus] Debug collector initialized (no rrweb, UI events only)"],"stack":null}
[2026-07-19T18:01:22.185Z] {"timestamp":1784484080205,"level":"DEBUG","args":["[vite] connected."],"stack":null}
[2026-07-19T18:01:49.240Z] {"timestamp":1784484107237,"level":"DEBUG","args":["[Manus] Debug collector initialized (no rrweb, UI events only)"],"stack":null}
[2026-07-19T18:01:49.240Z] {"timestamp":1784484107257,"level":"DEBUG","args":["[vite] connected."],"stack":null}
[2026-07-19T18:01:49.240Z] {"timestamp":1784484107410,"level":"INFO","args":["%cDownload the React DevTools for a better development experience: https://react.dev/link/react-devtools","font-weight:bold"],"stack":null}
[2026-07-19T18:01:49.240Z] {"timestamp":1784484107475,"level":"ERROR","args":["%o\n\n%s\n\n%s\n",{"type":"Error","message":"Failed to construct 'URL': Invalid URL","stack":"TypeError: Invalid URL\n    at getLoginUrl (http://localhost:3000/src/const.ts:7:15)\n    at useAuth (http://localhost:3000/src/_core/hooks/useAuth.ts:6:61)\n    at Home (http://localhost:3000/src/pages/Home.tsx:16:31)\n    at Object.react_stack_bottom_frame (http://localhost:3000/@fs/vercel/share/v0-project/extracted_project/madara-tech/node_modules/.vite/deps/react-dom_client.js?v=ea116d05:18509:20)\n    at renderWithHooks (http://localhost:3000/@fs/vercel/share/v0-project/extracted_project/madara-tech/node_modules/.vite/deps/react-dom_client.js?v=ea116d05:5654:24)\n    at updateFunctionComponent (http://localhost:3000/@fs/vercel/share/v0-project/extracted_project/madara-tech/node_modules/.vite/deps/react-dom_client.js?v=ea116d05:7475:21)\n    at beginWork (http://localhost:3000/@fs/vercel/share/v0-project/extracted_project/madara-tech/node_modules/.vite/deps/react-dom_client.js?v=ea116d05:8525:20)\n    at runWithFiberInDEV (http://localhost:3000/@fs/vercel/share/v0-project/extracted_project/madara-tech/node_modules/.vite/deps/react-dom_client.js?v=ea116d05:997:72)\n    at performUnitOfWork (http://localhost:3000/@fs/vercel/share/v0-project/extracted_project/madara-tech/node_modules/.vite/deps/react-dom_client.js?v=ea116d05:12561:98)\n    at workLoopSync (http://localhost:3000/@fs/vercel/share/v0-project/extracted_project/madara-tech/node_modules/.vite/deps/react-dom_client.js?v=ea116d05:12424:43)"},"The above error occurred in the <Home> component.","React will try to recreate this component tree from scratch using the error boundary you provided, ErrorBoundary."],"stack":"Error\n    at console.<computed> [as error] (http://localhost:3000/__manus__/debug-collector.js:391:37)\n    at defaultOnCaughtError (http://localhost:3000/@fs/vercel/share/v0-project/extracted_project/madara-tech/node_modules/.vite/deps/react-dom_client.js?v=ea116d05:7001:19)\n    at logCaughtError (http://localhost:3000/@fs/vercel/share/v0-project/extracted_project/madara-tech/node_modules/.vite/deps/react-dom_client.js?v=ea116d05:7033:11)\n    at runWithFiberInDEV (http://localhost:3000/@fs/vercel/share/v0-project/extracted_project/madara-tech/node_modules/.vite/deps/react-dom_client.js?v=ea116d05:997:72)\n    at update.callback (http://localhost:3000/@fs/vercel/share/v0-project/extracted_project/madara-tech/node_modules/.vite/deps/react-dom_client.js?v=ea116d05:7066:13)\n    at callCallback (http://localhost:3000/@fs/vercel/share/v0-project/extracted_project/madara-tech/node_modules/.vite/deps/react-dom_client.js?v=ea116d05:5491:18)\n    at commitCallbacks (http://localhost:3000/@fs/vercel/share/v0-project/extracted_project/madara-tech/node_modules/.vite/deps/react-dom_client.js?v=ea116d05:5503:13)\n    at runWithFiberInDEV (http://localhost:3000/@fs/vercel/share/v0-project/extracted_project/madara-tech/node_modules/.vite/deps/react-dom_client.js?v=ea116d05:997:72)\n    at commitClassCallbacks (http://localhost:3000/@fs/vercel/share/v0-project/extracted_project/madara-tech/node_modules/.vite/deps/react-dom_client.js?v=ea116d05:9490:13)\n    at commitLayoutEffectOnFiber (http://localhost:3000/@fs/vercel/share/v0-project/extracted_project/madara-tech/node_modules/.vite/deps/react-dom_client.js?v=ea116d05:9958:27)"}
[2026-07-19T18:02:17.377Z] {"timestamp":1784484135374,"level":"DEBUG","args":["[Manus] Debug collector initialized (no rrweb, UI events only)"],"stack":null}
[2026-07-19T18:02:17.377Z] {"timestamp":1784484135376,"level":"DEBUG","args":["[vite] connected."],"stack":null}
[2026-07-19T18:02:17.377Z] {"timestamp":1784484135427,"level":"INFO","args":["%cDownload the React DevTools for a better development experience: https://react.dev/link/react-devtools","font-weight:bold"],"stack":null}
[2026-07-19T18:02:25.195Z] {"timestamp":1784484143192,"level":"DEBUG","args":["[Manus] Debug collector initialized (no rrweb, UI events only)"],"stack":null}
[2026-07-19T18:02:25.195Z] {"timestamp":1784484143204,"level":"DEBUG","args":["[vite] connected."],"stack":null}
[2026-07-19T18:02:25.195Z] {"timestamp":1784484143248,"level":"INFO","args":["%cDownload the React DevTools for a better development experience: https://react.dev/link/react-devtools","font-weight:bold"],"stack":null}
[2026-07-19T18:04:29.194Z] {"timestamp":1784484268584,"level":"DEBUG","args":["[vite]","hot updated: /src/pages/Home.tsx"],"stack":null}
[2026-07-19T18:04:29.194Z] {"timestamp":1784484268584,"level":"DEBUG","args":["[vite]","hot updated: /src/index.css"],"stack":null}
[2026-07-19T18:05:46.574Z] {"timestamp":1784484344572,"level":"DEBUG","args":["[Manus] Debug collector initialized (no rrweb, UI events only)"],"stack":null}
[2026-07-19T18:05:46.574Z] {"timestamp":1784484344581,"level":"DEBUG","args":["[vite] connected."],"stack":null}
[2026-07-19T18:05:46.574Z] {"timestamp":1784484344632,"level":"INFO","args":["%cDownload the React DevTools for a better development experience: https://react.dev/link/react-devtools","font-weight:bold"],"stack":null}
[2026-07-19T18:05:50.102Z] {"timestamp":1784484348100,"level":"DEBUG","args":["[Manus] Debug collector initialized (no rrweb, UI events only)"],"stack":null}
[2026-07-19T18:05:50.102Z] {"timestamp":1784484348118,"level":"DEBUG","args":["[vite] connected."],"stack":null}
[2026-07-19T18:05:50.102Z] {"timestamp":1784484348154,"level":"INFO","args":["%cDownload the React DevTools for a better development experience: https://react.dev/link/react-devtools","font-weight:bold"],"stack":null}
[2026-07-19T18:06:24.177Z] {"timestamp":1784484382175,"level":"DEBUG","args":["[Manus] Debug collector initialized (no rrweb, UI events only)"],"stack":null}
[2026-07-19T18:06:24.177Z] {"timestamp":1784484382180,"level":"DEBUG","args":["[vite] connected."],"stack":null}
[2026-07-19T18:06:24.177Z] {"timestamp":1784484382223,"level":"INFO","args":["%cDownload the React DevTools for a better development experience: https://react.dev/link/react-devtools","font-weight:bold"],"stack":null}
[2026-07-19T18:13:22.189Z] {"timestamp":1784484654409,"level":"LOG","args":["[vite] server connection lost. Polling for restart..."],"stack":null}
[2026-07-19T18:13:25.898Z] {"timestamp":1784484803895,"level":"DEBUG","args":["[Manus] Debug collector initialized (no rrweb, UI events only)"],"stack":null}
[2026-07-19T18:13:25.898Z] {"timestamp":1784484804801,"level":"INFO","args":["%cDownload the React DevTools for a better development experience: https://react.dev/link/react-devtools","font-weight:bold"],"stack":null}
[2026-07-19T18:13:27.897Z] {"timestamp":1784484806784,"level":"DEBUG","args":["[vite] connected."],"stack":null}
